// Jest Snapshot v1, https://goo.gl/fbAQLP

exports[`data table html corresponds to snapshot 1`] = `
"<div>
  <datavalidator data=\\"[object Object]\\" allow-missing-columns=\\"true\\">
    <!---->
    <basesearchbar></basesearchbar>
    <vdatatable items=\\"[object Object]\\" multi-sort=\\"\\" fixed-header=\\"\\" height=\\"530\\" footer-props=\\"[object Object]\\" data-testid=\\"data-table\\" headers=\\"[object Object],[object Object],[object Object]\\" search=\\"\\"></vdatatable>
    <basebutton text=\\"Export\\" icon=\\"mdiExport\\"></basebutton>
    <basebuttondownloaddata disabled=\\"disabled\\" extension=\\"csv\\" data=\\"\\"></basebuttondownloaddata>
    <basebuttonshare file-share=\\"\\" disabled=\\"disabled\\"></basebuttonshare>
  </datavalidator>
</div>"
`;
